// Vitest Snapshot v1, https://vitest.dev/guide/snapshot.html

exports[`When rendering the button component > and the button has a link prop > matches the snapshot 1`] = `
<a
  href="/signup"
>
  <button
    class="border border-black rounded bg-white h-10 w-24 text-md hover:bg-black hover:text-white transition-colors ease-in-out duration-200 undefined"
    type="button"
  >
    Sign up
  </button>
</a>
`;
